==================================================
 DAYBAGGER DIRECT-RETURN META V4 BACKGROUND RUN
==================================================
started_at=2026-09-03T13:57:24+00:00
repo=/home/user/projects/daybagger
RESEARCH_ENV_OK
validator_pid=141149
HEARTBEAT validator_alive elapsed=01:00 cpu=70.6 mem=14.3
HEARTBEAT validator_alive elapsed=02:00 cpu=85.1 mem=14.5
HEARTBEAT validator_alive elapsed=03:00 cpu=90.1 mem=14.7
HEARTBEAT validator_alive elapsed=04:00 cpu=92.5 mem=14.8
HEARTBEAT validator_alive elapsed=05:00 cpu=94.0 mem=15.0
HEARTBEAT validator_alive elapsed=06:00 cpu=95.0 mem=15.2
HEARTBEAT validator_alive elapsed=07:00 cpu=95.7 mem=15.4
HEARTBEAT validator_alive elapsed=08:00 cpu=96.2 mem=15.5
HEARTBEAT validator_alive elapsed=09:00 cpu=96.6 mem=15.7
HEARTBEAT validator_alive elapsed=10:00 cpu=97.0 mem=15.9
HEARTBEAT validator_alive elapsed=11:00 cpu=97.2 mem=16.1
HEARTBEAT validator_alive elapsed=12:00 cpu=97.5 mem=16.3
HEARTBEAT validator_alive elapsed=13:00 cpu=97.6 mem=16.4
